npm notice run opapp@0.1.0 build
npm notice run next build
▲ Next.js 16.2.10 (Turbopack)

⚠ The "middleware" file convention is deprecated. Please use "proxy" instead. Learn more: https://nextjs.org/docs/messages/middleware-to-proxy
  Creating an optimized production build ...
✓ Compiled successfully in 6.4s
  Running TypeScript ...
  Finished TypeScript in 7.7s ...
  Collecting page data using 7 workers ...
  Generating static pages using 7 workers (0/38) ...
  Generating static pages using 7 workers (9/38) 
  Generating static pages using 7 workers (18/38) 
  Generating static pages using 7 workers (28/38) 
✓ Generating static pages using 7 workers (38/38) in 307ms
  Finalizing page optimization ...

Route (app)
┌ ○ /
├ ○ /_not-found
├ ƒ /acompanhamento
├ ƒ /admin
├ ƒ /admin/assuntos
├ ƒ /admin/auditoria
├ ƒ /admin/avisos
├ ƒ /admin/concursos
├ ƒ /admin/configuracao
├ ƒ /admin/conquistas
├ ƒ /admin/cursos
├ ƒ /admin/cursos/[id]
├ ƒ /admin/materias
├ ƒ /admin/professores
├ ƒ /admin/questoes
├ ƒ /admin/simulados
├ ƒ /admin/usuarios
├ ƒ /api/auth/[...nextauth]
├ ƒ /api/cron/ranking-recalc
├ ƒ /api/focus/heartbeat
├ ƒ /api/progress/heartbeat
├ ƒ /brainstorm
├ ƒ /conquistas
├ ƒ /cursos
├ ƒ /cursos/[slug]
├ ƒ /cursos/[slug]/modulos/[moduleSlug]/aulas/[lessonId]
├ ƒ /dashboard
├ ƒ /flashcards
├ ƒ /flashcards/revisar
├ ○ /login
├ ƒ /modo-foco
├ ƒ /montar-estudo
├ ƒ /perfil
├ ƒ /plano-de-estudos
├ ƒ /ranking
├ ƒ /simulados
├ ƒ /simulados/[attemptId]
├ ƒ /simulados/[attemptId]/resultado
├ ƒ /simulados/caderno-de-erros
├ ƒ /simulados/favoritos
├ ƒ /simulados/historico
└ ƒ /trilha


ƒ Proxy (Middleware)

○  (Static)   prerendered as static content
ƒ  (Dynamic)  server-rendered on demand

