npm notice run opapp@0.1.0 postinstall
npm notice run prisma generate
Loaded Prisma config from prisma.config.ts.

Prisma schema loaded from prisma/schema.prisma.

✔ Generated Prisma Client (7.8.0) to ./src/generated/prisma in 233ms


added 821 packages, and audited 822 packages in 15s

268 packages are looking for funding
  run `npm fund` for details

24 vulnerabilities (8 moderate, 13 high, 3 critical)

To address issues that do not require attention, run:
  npm audit fix

To address all issues (including breaking changes), run:
  npm audit fix --force

Run `npm audit` for details.
npm warn install-scripts 6 packages had install scripts blocked because they are not covered by allowScripts:
npm warn install-scripts   @prisma/engines@7.8.0 (postinstall: node scripts/postinstall.js)
npm warn install-scripts   esbuild@0.28.1 (postinstall: node install.js)
npm warn install-scripts   fsevents@2.3.3 (install: (install scripts present))
npm warn install-scripts   prisma@7.8.0 (preinstall: node scripts/preinstall-entry.js)
npm warn install-scripts   sharp@0.34.5 (install: node install/check.js || npm run build)
npm warn install-scripts   unrs-resolver@1.12.2 (postinstall: node postinstall.js)
npm warn install-scripts
npm warn install-scripts Run `npm install-scripts ls` to review, or `npm install-scripts approve <pkg>` to allow.
